Removed Pin From Net: NetName=OSC_IN Pin=U2-5
Removed Pin From Net: NetName=OSC_OUT Pin=U2-6
Removed Pin From Net: NetName=NRST Pin=U2-7
Removed Pin From Net: NetName=Hall Pin=U2-13
Removed Pin From Net: NetName=SWDIO Pin=U2-34
Removed Pin From Net: NetName=SWCLK Pin=U2-37
Removed Pin From Net: NetName=SHDN Pin=U2-42
Removed Pin From Net: NetName=STB Pin=U2-43
Removed Pin From Net: NetName=BOOT0 Pin=U2-44
Removed Pin From Net: NetName=CAN_RX Pin=U2-45
Removed Pin From Net: NetName=CAN_TX Pin=U2-46
Removed Member From Class: ClassName=hall_effect_module Member=U4
Change Component Designator: OldDesignator=U4 NewDesignator=U2
Added Pin To Net: NetName=OSC_IN Pin=U2-5
Added Pin To Net: NetName=OSC_OUT Pin=U2-6
Added Pin To Net: NetName=NRST Pin=U2-7
Added Pin To Net: NetName=Hall Pin=U2-13
Added Pin To Net: NetName=SWDIO Pin=U2-34
Added Pin To Net: NetName=SWCLK Pin=U2-37
Added Pin To Net: NetName=SHDN Pin=U2-42
Added Pin To Net: NetName=STB Pin=U2-43
Added Pin To Net: NetName=BOOT0 Pin=U2-44
Added Pin To Net: NetName=CAN_RX Pin=U2-45
Added Pin To Net: NetName=CAN_TX Pin=U2-46
